2026-02-06 10:36:42,679 - INFO - ⏳ Pausing for 4.42 seconds...
2026-02-06 10:36:48,121 - INFO - ✅ Success: https://books.toscrape.com/catalogue/category/books/travel_2/index.html
2026-02-06 10:36:48,137 - INFO - ⏳ Pausing for 2.82 seconds...
2026-02-06 10:36:51,527 - INFO - ✅ Success: https://books.toscrape.com/catalogue/category/books/mystery_3/index.html
2026-02-06 10:36:51,552 - INFO - 💾 Saved 31 records to D:\My Workspace\Coding\JS_LWS_Basic\Grammer\K\HTML\gemin-scrapper\data\results.csv
2026-02-06 10:38:46,161 - INFO - ⏳ Pausing for 4.83 seconds...
2026-02-06 10:38:51,710 - INFO - ✅ Success: https://jlptsensei.com/jlpt-n4-kanji-list/
2026-02-06 10:38:51,751 - INFO - ⏳ Pausing for 3.48 seconds...
2026-02-06 10:38:55,439 - INFO - ✅ Success: https://jlptsensei.com/jlpt-n3-kanji-list/
2026-02-06 10:39:20,943 - INFO - ⏳ Pausing for 2.17 seconds...
2026-02-06 10:39:23,785 - INFO - ✅ Success: https://jlptsensei.com/jlpt-n5-kanji-list/
2026-02-06 10:39:23,820 - INFO - ⏳ Pausing for 4.37 seconds...
2026-02-06 10:39:28,397 - INFO - ✅ Success: https://jlptsensei.com/jlpt-n4-kanji-list/
2026-02-06 10:39:28,437 - INFO - ⏳ Pausing for 2.35 seconds...
2026-02-06 10:39:30,990 - INFO - ✅ Success: https://jlptsensei.com/jlpt-n3-kanji-list/
2026-02-06 10:41:57,483 - INFO - ⏳ Pausing for 3.94 seconds...
2026-02-06 10:42:02,126 - INFO - ✅ Success: https://jlptsensei.com/jlpt-n5-kanji-list/
2026-02-06 10:42:05,801 - INFO - ⏳ Pausing for 2.40 seconds...
2026-02-06 10:42:08,417 - INFO - ✅ Success: https://jlptsensei.com/jlpt-n4-kanji-list/
2026-02-06 10:42:16,010 - INFO - ⏳ Pausing for 4.10 seconds...
2026-02-06 10:42:20,323 - INFO - ✅ Success: https://jlptsensei.com/jlpt-n3-kanji-list/
2026-02-06 10:42:26,792 - INFO - 💾 Saved 288 records to D:\My Workspace\Coding\JS_LWS_Basic\Grammer\K\HTML\gemin-scrapper\data\results.csv
2026-02-06 10:44:37,826 - INFO - ⏳ Pausing for 3.22 seconds...
2026-02-06 10:44:41,752 - INFO - ✅ Success: https://jlptsensei.com/jlpt-n5-kanji-list/
2026-02-06 10:44:45,357 - INFO - ⏳ Pausing for 4.55 seconds...
2026-02-06 10:44:50,117 - INFO - ✅ Success: https://jlptsensei.com/jlpt-n4-kanji-list/
2026-02-06 10:44:57,447 - INFO - ⏳ Pausing for 3.32 seconds...
2026-02-06 10:45:00,977 - INFO - ✅ Success: https://jlptsensei.com/jlpt-n3-kanji-list/
2026-02-06 10:45:07,566 - INFO - 💾 Saved 288 records to D:\My Workspace\Coding\JS_LWS_Basic\Grammer\K\HTML\gemin-scrapper\data\results.csv
